<html>
<body>
<pre>
<h1>µVision Build Log</h1>
<h2>Project:</h2>
C:\Keil\Labware\Lab10_TrafficLight\Lab10.uvproj
Project File Date:  03/04/2016

<h2>Output:</h2>
Build target 'Lab10'
compiling TableTrafficLight.c...
linking...
Program Size: Code=4444 RO-data=15176 RW-data=84 ZI-data=1756  
".\Lab10.axf" - 0 Error(s), 0 Warning(s).
Load "C:\\Keil\\Labware\\Lab10_TrafficLight\\Lab10.axf" 
Connecting: Mode=JTAG, Speed=1000000Hz
Erase Done.
Programming Done.
Verify OK.
</pre>
</body>
</html>
 cancelled. Debugger aborted !
warnings, 2 errors
".\Lab10.axf" - 2 Error(s), 0 Warning(s).
Target not created
  unsigned long delay;
TableTrafficLight.c: 1 warning, 2 errors
".\Lab10.axf" - 2 Error(s), 1 Warning(s).
Target not created
